Archive member included because of file (symbol)

d:/programs/imt_sdk_win_64/winavr/bin/../lib/gcc/avr/4.3.3/avr5\libgcc.a(_mulsi3.o)
                              ./ADC_program.o (__mulsi3)
d:/programs/imt_sdk_win_64/winavr/bin/../lib/gcc/avr/4.3.3/avr5\libgcc.a(_divmodsi4.o)
                              ./ADC_program.o (__divmodsi4)
d:/programs/imt_sdk_win_64/winavr/bin/../lib/gcc/avr/4.3.3/avr5\libgcc.a(_exit.o)
                              d:/programs/imt_sdk_win_64/winavr/bin/../lib/gcc/avr/4.3.3/../../../../avr/lib/avr5/crtm32.o (exit)
d:/programs/imt_sdk_win_64/winavr/bin/../lib/gcc/avr/4.3.3/avr5\libgcc.a(_copy_data.o)
                              ./ADC_program.o (__do_copy_data)
d:/programs/imt_sdk_win_64/winavr/bin/../lib/gcc/avr/4.3.3/avr5\libgcc.a(_clear_bss.o)
                              ./ADC_program.o (__do_clear_bss)
d:/programs/imt_sdk_win_64/winavr/bin/../lib/gcc/avr/4.3.3/avr5\libgcc.a(_udivmodsi4.o)
                              d:/programs/imt_sdk_win_64/winavr/bin/../lib/gcc/avr/4.3.3/avr5\libgcc.a(_divmodsi4.o) (__udivmodsi4)

Memory Configuration

Name             Origin             Length             Attributes
text             0x00000000         0x00020000         xr
data             0x00800060         0x0000ffa0         rw !x
eeprom           0x00810000         0x00010000         rw !x
fuse             0x00820000         0x00000400         rw !x
lock             0x00830000         0x00000400         rw !x
signature        0x00840000         0x00000400         rw !x
*default*        0x00000000         0xffffffff

Linker script and memory map

LOAD d:/programs/imt_sdk_win_64/winavr/bin/../lib/gcc/avr/4.3.3/../../../../avr/lib/avr5/crtm32.o
LOAD ./ADC_program.o
LOAD ./DIO_program.o
LOAD ./GIE_program.o
LOAD ./PORT_program.o
LOAD ./TIMER_program.o
LOAD ./main.o
LOAD d:/programs/imt_sdk_win_64/winavr/bin/../lib/gcc/avr/4.3.3/avr5\libgcc.a
LOAD d:/programs/imt_sdk_win_64/winavr/bin/../lib/gcc/avr/4.3.3/../../../../avr/lib/avr5\libc.a
LOAD d:/programs/imt_sdk_win_64/winavr/bin/../lib/gcc/avr/4.3.3/avr5\libgcc.a

.hash
 *(.hash)

.dynsym
 *(.dynsym)

.dynstr
 *(.dynstr)

.gnu.version
 *(.gnu.version)

.gnu.version_d
 *(.gnu.version_d)

.gnu.version_r
 *(.gnu.version_r)

.rel.init
 *(.rel.init)

.rela.init
 *(.rela.init)

.rel.text
 *(.rel.text)
 *(.rel.text.*)
 *(.rel.gnu.linkonce.t*)

.rela.text
 *(.rela.text)
 *(.rela.text.*)
 *(.rela.gnu.linkonce.t*)

.rel.fini
 *(.rel.fini)

.rela.fini
 *(.rela.fini)

.rel.rodata
 *(.rel.rodata)
 *(.rel.rodata.*)
 *(.rel.gnu.linkonce.r*)

.rela.rodata
 *(.rela.rodata)
 *(.rela.rodata.*)
 *(.rela.gnu.linkonce.r*)

.rel.data
 *(.rel.data)
 *(.rel.data.*)
 *(.rel.gnu.linkonce.d*)

.rela.data
 *(.rela.data)
 *(.rela.data.*)
 *(.rela.gnu.linkonce.d*)

.rel.ctors
 *(.rel.ctors)

.rela.ctors
 *(.rela.ctors)

.rel.dtors
 *(.rel.dtors)

.rela.dtors
 *(.rela.dtors)

.rel.got
 *(.rel.got)

.rela.got
 *(.rela.got)

.rel.bss
 *(.rel.bss)

.rela.bss
 *(.rela.bss)

.rel.plt
 *(.rel.plt)

.rela.plt
 *(.rela.plt)

.text           0x00000000     0x1172
 *(.vectors)
 .vectors       0x00000000       0x54 d:/programs/imt_sdk_win_64/winavr/bin/../lib/gcc/avr/4.3.3/../../../../avr/lib/avr5/crtm32.o
                0x00000000                __vectors
                0x00000000                __vector_default
 *(.vectors)
 *(.progmem.gcc*)
 *(.progmem*)
                0x00000054                . = ALIGN (0x2)
                0x00000054                __trampolines_start = .
 *(.trampolines)
 .trampolines   0x00000054        0x0 linker stubs
 *(.trampolines*)
                0x00000054                __trampolines_end = .
 *(.jumptables)
 *(.jumptables*)
 *(.lowtext)
 *(.lowtext*)
                0x00000054                __ctors_start = .
 *(.ctors)
                0x00000054                __ctors_end = .
                0x00000054                __dtors_start = .
 *(.dtors)
                0x00000054                __dtors_end = .
 SORT(*)(.ctors)
 SORT(*)(.dtors)
 *(.init0)
 .init0         0x00000054        0x0 d:/programs/imt_sdk_win_64/winavr/bin/../lib/gcc/avr/4.3.3/../../../../avr/lib/avr5/crtm32.o
                0x00000054                __init
 *(.init0)
 *(.init1)
 *(.init1)
 *(.init2)
 .init2         0x00000054        0xc d:/programs/imt_sdk_win_64/winavr/bin/../lib/gcc/avr/4.3.3/../../../../avr/lib/avr5/crtm32.o
 *(.init2)
 *(.init3)
 *(.init3)
 *(.init4)
 .init4         0x00000060       0x16 d:/programs/imt_sdk_win_64/winavr/bin/../lib/gcc/avr/4.3.3/avr5\libgcc.a(_copy_data.o)
                0x00000060                __do_copy_data
 .init4         0x00000076       0x10 d:/programs/imt_sdk_win_64/winavr/bin/../lib/gcc/avr/4.3.3/avr5\libgcc.a(_clear_bss.o)
                0x00000076                __do_clear_bss
 *(.init4)
 *(.init5)
 *(.init5)
 *(.init6)
 *(.init6)
 *(.init7)
 *(.init7)
 *(.init8)
 *(.init8)
 *(.init9)
 .init9         0x00000086        0x8 d:/programs/imt_sdk_win_64/winavr/bin/../lib/gcc/avr/4.3.3/../../../../avr/lib/avr5/crtm32.o
 *(.init9)
 *(.text)
 .text          0x0000008e        0x4 d:/programs/imt_sdk_win_64/winavr/bin/../lib/gcc/avr/4.3.3/../../../../avr/lib/avr5/crtm32.o
                0x0000008e                __vector_1
                0x0000008e                __vector_12
                0x0000008e                __bad_interrupt
                0x0000008e                __vector_3
                0x0000008e                __vector_13
                0x0000008e                __vector_17
                0x0000008e                __vector_19
                0x0000008e                __vector_7
                0x0000008e                __vector_5
                0x0000008e                __vector_4
                0x0000008e                __vector_9
                0x0000008e                __vector_2
                0x0000008e                __vector_15
                0x0000008e                __vector_8
                0x0000008e                __vector_14
                0x0000008e                __vector_18
                0x0000008e                __vector_20
 .text          0x00000092        0x0 ./ADC_program.o
 .text          0x00000092        0x0 ./DIO_program.o
 .text          0x00000092        0x0 ./GIE_program.o
 .text          0x00000092        0x0 ./PORT_program.o
 .text          0x00000092        0x0 ./TIMER_program.o
 .text          0x00000092        0x0 ./main.o
 .text          0x00000092        0x0 d:/programs/imt_sdk_win_64/winavr/bin/../lib/gcc/avr/4.3.3/avr5\libgcc.a(_mulsi3.o)
 .text          0x00000092        0x0 d:/programs/imt_sdk_win_64/winavr/bin/../lib/gcc/avr/4.3.3/avr5\libgcc.a(_divmodsi4.o)
 .text          0x00000092        0x0 d:/programs/imt_sdk_win_64/winavr/bin/../lib/gcc/avr/4.3.3/avr5\libgcc.a(_exit.o)
 .text          0x00000092        0x0 d:/programs/imt_sdk_win_64/winavr/bin/../lib/gcc/avr/4.3.3/avr5\libgcc.a(_copy_data.o)
 .text          0x00000092        0x0 d:/programs/imt_sdk_win_64/winavr/bin/../lib/gcc/avr/4.3.3/avr5\libgcc.a(_clear_bss.o)
 .text          0x00000092        0x0 d:/programs/imt_sdk_win_64/winavr/bin/../lib/gcc/avr/4.3.3/avr5\libgcc.a(_udivmodsi4.o)
                0x00000092                . = ALIGN (0x2)
 *(.text.*)
 .text.ADC_voidInit
                0x00000092       0x62 ./ADC_program.o
                0x00000092                ADC_voidInit
 .text.ADC_u16StartConversionSynch
                0x000000f4      0x12a ./ADC_program.o
                0x000000f4                ADC_u16StartConversionSynch
 .text.ADC_u16StartConversionAsynch
                0x0000021e       0xb0 ./ADC_program.o
                0x0000021e                ADC_u16StartConversionAsynch
 .text.Mapping  0x000002ce       0xe2 ./ADC_program.o
                0x000002ce                Mapping
 .text.ADC_u8StartChainAsynchronous
                0x000003b0       0xd8 ./ADC_program.o
                0x000003b0                ADC_u8StartChainAsynchronous
 .text.__vector_16
                0x00000488      0x19c ./ADC_program.o
                0x00000488                __vector_16
 .text.DIO_u8SetPinValue
                0x00000624      0x224 ./DIO_program.o
                0x00000624                DIO_u8SetPinValue
 .text.DIO_u8SetPortValue
                0x00000848       0x90 ./DIO_program.o
                0x00000848                DIO_u8SetPortValue
 .text.DIO_u8GetPinValue
                0x000008d8      0x130 ./DIO_program.o
                0x000008d8                DIO_u8GetPinValue
 .text.GIE_voidEnable
                0x00000a08       0x1c ./GIE_program.o
                0x00000a08                GIE_voidEnable
 .text.GIE_voidDisable
                0x00000a24       0x1c ./GIE_program.o
                0x00000a24                GIE_voidDisable
 .text.PORT_voidInit
                0x00000a40       0x42 ./PORT_program.o
                0x00000a40                PORT_voidInit
 .text.TIMER0_voidInit
                0x00000a82        0xe ./TIMER_program.o
                0x00000a82                TIMER0_voidInit
 .text.TIMER0_voidSetPreLoadValue
                0x00000a90       0x1c ./TIMER_program.o
                0x00000a90                TIMER0_voidSetPreLoadValue
 .text.TIMER0_voidSetCompareMatchValue
                0x00000aac       0x1c ./TIMER_program.o
                0x00000aac                TIMER0_voidSetCompareMatchValue
 .text.PreScalar
                0x00000ac8       0x2a ./TIMER_program.o
                0x00000ac8                PreScalar
 .text.TIMER0_u8SetCallBack_CTC
                0x00000af2       0x3a ./TIMER_program.o
                0x00000af2                TIMER0_u8SetCallBack_CTC
 .text.TIMER0_u8SetCallBack_OF
                0x00000b2c       0x3a ./TIMER_program.o
                0x00000b2c                TIMER0_u8SetCallBack_OF
 .text.TIMER0_Delay_ms
                0x00000b66       0xd0 ./TIMER_program.o
                0x00000b66                TIMER0_Delay_ms
 .text.TIMER1_voidInit
                0x00000c36       0x2a ./TIMER_program.o
                0x00000c36                TIMER1_voidInit
 .text.TIMER1_ServoInit
                0x00000c60       0x7e ./TIMER_program.o
                0x00000c60                TIMER1_ServoInit
 .text.TIMER1_voidSetTimerValue
                0x00000cde       0x24 ./TIMER_program.o
                0x00000cde                TIMER1_voidSetTimerValue
 .text.Timer1_u16ReadTimerValue
                0x00000d02       0x16 ./TIMER_program.o
                0x00000d02                Timer1_u16ReadTimerValue
 .text.Timer1_voidSetICR_TopValue
                0x00000d18       0x24 ./TIMER_program.o
                0x00000d18                Timer1_voidSetICR_TopValue
 .text.Timer1_voidSetChannelA_Compare_Match
                0x00000d3c       0x24 ./TIMER_program.o
                0x00000d3c                Timer1_voidSetChannelA_Compare_Match
 .text.ICU_voidInit
                0x00000d60       0x2a ./TIMER_program.o
                0x00000d60                ICU_voidInit
 .text.ICU_voidSetTriggerEdge
                0x00000d8a       0x4a ./TIMER_program.o
                0x00000d8a                ICU_voidSetTriggerEdge
 .text.ICU_voidEnableInterrupt
                0x00000dd4       0x1c ./TIMER_program.o
                0x00000dd4                ICU_voidEnableInterrupt
 .text.ICU_u16ReadInputCaptureREG
                0x00000df0       0x16 ./TIMER_program.o
                0x00000df0                ICU_u16ReadInputCaptureREG
 .text.ICU_voidDisableInterrupt
                0x00000e06       0x1c ./TIMER_program.o
                0x00000e06                ICU_voidDisableInterrupt
 .text.ICU_u8SetCallBack
                0x00000e22       0x3a ./TIMER_program.o
                0x00000e22                ICU_u8SetCallBack
 .text.__vector_10
                0x00000e5c       0xd4 ./TIMER_program.o
                0x00000e5c                __vector_10
 .text.__vector_11
                0x00000f30       0x66 ./TIMER_program.o
                0x00000f30                __vector_11
 .text.__vector_6
                0x00000f96       0x66 ./TIMER_program.o
                0x00000f96                __vector_6
 .text.main     0x00000ffc       0xba ./main.o
                0x00000ffc                main
 .text.libgcc   0x000010b6       0x3e d:/programs/imt_sdk_win_64/winavr/bin/../lib/gcc/avr/4.3.3/avr5\libgcc.a(_mulsi3.o)
                0x000010b6                __mulsi3
 .text.libgcc   0x000010f4       0x36 d:/programs/imt_sdk_win_64/winavr/bin/../lib/gcc/avr/4.3.3/avr5\libgcc.a(_divmodsi4.o)
                0x000010f4                __divmodsi4
 .text.libgcc   0x0000112a        0x0 d:/programs/imt_sdk_win_64/winavr/bin/../lib/gcc/avr/4.3.3/avr5\libgcc.a(_exit.o)
 .text.libgcc   0x0000112a        0x0 d:/programs/imt_sdk_win_64/winavr/bin/../lib/gcc/avr/4.3.3/avr5\libgcc.a(_copy_data.o)
 .text.libgcc   0x0000112a        0x0 d:/programs/imt_sdk_win_64/winavr/bin/../lib/gcc/avr/4.3.3/avr5\libgcc.a(_clear_bss.o)
 .text.libgcc   0x0000112a       0x44 d:/programs/imt_sdk_win_64/winavr/bin/../lib/gcc/avr/4.3.3/avr5\libgcc.a(_udivmodsi4.o)
                0x0000112a                __udivmodsi4
                0x0000116e                . = ALIGN (0x2)
 *(.fini9)
 .fini9         0x0000116e        0x0 d:/programs/imt_sdk_win_64/winavr/bin/../lib/gcc/avr/4.3.3/avr5\libgcc.a(_exit.o)
                0x0000116e                exit
                0x0000116e                _exit
 *(.fini9)
 *(.fini8)
 *(.fini8)
 *(.fini7)
 *(.fini7)
 *(.fini6)
 *(.fini6)
 *(.fini5)
 *(.fini5)
 *(.fini4)
 *(.fini4)
 *(.fini3)
 *(.fini3)
 *(.fini2)
 *(.fini2)
 *(.fini1)
 *(.fini1)
 *(.fini0)
 .fini0         0x0000116e        0x4 d:/programs/imt_sdk_win_64/winavr/bin/../lib/gcc/avr/4.3.3/avr5\libgcc.a(_exit.o)
 *(.fini0)
                0x00001172                _etext = .

.data           0x00800060        0x2 load address 0x00001172
                0x00800060                PROVIDE (__data_start, .)
 *(.data)
 .data          0x00800060        0x0 d:/programs/imt_sdk_win_64/winavr/bin/../lib/gcc/avr/4.3.3/../../../../avr/lib/avr5/crtm32.o
 .data          0x00800060        0x0 ./ADC_program.o
 .data          0x00800060        0x0 ./DIO_program.o
 .data          0x00800060        0x0 ./GIE_program.o
 .data          0x00800060        0x0 ./PORT_program.o
 .data          0x00800060        0x0 ./TIMER_program.o
 .data          0x00800060        0x0 ./main.o
 .data          0x00800060        0x0 d:/programs/imt_sdk_win_64/winavr/bin/../lib/gcc/avr/4.3.3/avr5\libgcc.a(_mulsi3.o)
 .data          0x00800060        0x0 d:/programs/imt_sdk_win_64/winavr/bin/../lib/gcc/avr/4.3.3/avr5\libgcc.a(_divmodsi4.o)
 .data          0x00800060        0x0 d:/programs/imt_sdk_win_64/winavr/bin/../lib/gcc/avr/4.3.3/avr5\libgcc.a(_exit.o)
 .data          0x00800060        0x0 d:/programs/imt_sdk_win_64/winavr/bin/../lib/gcc/avr/4.3.3/avr5\libgcc.a(_copy_data.o)
 .data          0x00800060        0x0 d:/programs/imt_sdk_win_64/winavr/bin/../lib/gcc/avr/4.3.3/avr5\libgcc.a(_clear_bss.o)
 .data          0x00800060        0x0 d:/programs/imt_sdk_win_64/winavr/bin/../lib/gcc/avr/4.3.3/avr5\libgcc.a(_udivmodsi4.o)
 *(.data*)
 .data.ADC_u8Busy_State
                0x00800060        0x1 ./ADC_program.o
                0x00800060                ADC_u8Busy_State
 *(.rodata)
 *(.rodata*)
 *(.gnu.linkonce.d*)
                0x00800062                . = ALIGN (0x2)
 *fill*         0x00800061        0x1 00
                0x00800062                _edata = .
                0x00800062                PROVIDE (__data_end, .)

.bss            0x00800062       0x1a
                0x00800062                PROVIDE (__bss_start, .)
 *(.bss)
 .bss           0x00800062        0x0 d:/programs/imt_sdk_win_64/winavr/bin/../lib/gcc/avr/4.3.3/../../../../avr/lib/avr5/crtm32.o
 .bss           0x00800062        0x0 ./ADC_program.o
 .bss           0x00800062        0x0 ./DIO_program.o
 .bss           0x00800062        0x0 ./GIE_program.o
 .bss           0x00800062        0x0 ./PORT_program.o
 .bss           0x00800062        0x0 ./TIMER_program.o
 .bss           0x00800062        0x0 ./main.o
 .bss           0x00800062        0x0 d:/programs/imt_sdk_win_64/winavr/bin/../lib/gcc/avr/4.3.3/avr5\libgcc.a(_mulsi3.o)
 .bss           0x00800062        0x0 d:/programs/imt_sdk_win_64/winavr/bin/../lib/gcc/avr/4.3.3/avr5\libgcc.a(_divmodsi4.o)
 .bss           0x00800062        0x0 d:/programs/imt_sdk_win_64/winavr/bin/../lib/gcc/avr/4.3.3/avr5\libgcc.a(_exit.o)
 .bss           0x00800062        0x0 d:/programs/imt_sdk_win_64/winavr/bin/../lib/gcc/avr/4.3.3/avr5\libgcc.a(_copy_data.o)
 .bss           0x00800062        0x0 d:/programs/imt_sdk_win_64/winavr/bin/../lib/gcc/avr/4.3.3/avr5\libgcc.a(_clear_bss.o)
 .bss           0x00800062        0x0 d:/programs/imt_sdk_win_64/winavr/bin/../lib/gcc/avr/4.3.3/avr5\libgcc.a(_udivmodsi4.o)
 *(.bss*)
 .bss.ADC_pu16Reading
                0x00800062        0x2 ./ADC_program.o
 .bss.ADC_pvCallBackNotificationFUNC
                0x00800064        0x2 ./ADC_program.o
 .bss.ADC_pu8Chain_ChannelArr
                0x00800066        0x2 ./ADC_program.o
 .bss.ADC_pu16Chain_ResultArray
                0x00800068        0x2 ./ADC_program.o
 .bss.ADC_u8ChainConversionIndex
                0x0080006a        0x1 ./ADC_program.o
 .bss.ADC_pu8Chain_Size
                0x0080006b        0x1 ./ADC_program.o
 .bss.ADC_u8ISRsource
                0x0080006c        0x1 ./ADC_program.o
 .bss.TIMER0_pvCallBackFUNC_OF
                0x0080006d        0x2 ./TIMER_program.o
 .bss.TIMER0_pvCallBackFUNC_CompareMatch
                0x0080006f        0x2 ./TIMER_program.o
 .bss.ExcuteFnAfterDelay
                0x00800071        0x2 ./TIMER_program.o
 .bss.ICU_pvCallBackFunc
                0x00800073        0x2 ./TIMER_program.o
 .bss.Counter.1457
                0x00800075        0x2 ./TIMER_program.o
 .bss.Delay_ms  0x00800077        0x4 ./TIMER_program.o
 .bss.Checkperiodicity
                0x0080007b        0x1 ./TIMER_program.o
 *(COMMON)
                0x0080007c                PROVIDE (__bss_end, .)
                0x00001172                __data_load_start = LOADADDR (.data)
                0x00001174                __data_load_end = (__data_load_start + SIZEOF (.data))

.noinit         0x0080007c        0x0
                0x0080007c                PROVIDE (__noinit_start, .)
 *(.noinit*)
                0x0080007c                PROVIDE (__noinit_end, .)
                0x0080007c                _end = .
                0x0080007c                PROVIDE (__heap_start, .)

.eeprom         0x00810000        0x0
 *(.eeprom*)
                0x00810000                __eeprom_end = .

.fuse
 *(.fuse)
 *(.lfuse)
 *(.hfuse)
 *(.efuse)

.lock
 *(.lock*)

.signature
 *(.signature*)

.stab           0x00000000     0x18c0
 *(.stab)
 .stab          0x00000000      0x798 ./ADC_program.o
 .stab          0x00000798      0x3d8 ./DIO_program.o
                                0x450 (size before relaxing)
 .stab          0x00000b70      0x144 ./GIE_program.o
                                0x1bc (size before relaxing)
 .stab          0x00000cb4      0x168 ./PORT_program.o
                                0x1e0 (size before relaxing)
 .stab          0x00000e1c      0x90c ./TIMER_program.o
                                0x984 (size before relaxing)
 .stab          0x00001728      0x198 ./main.o
                                0x228 (size before relaxing)

.stabstr        0x00000000      0xbc1
 *(.stabstr)
 .stabstr       0x00000000      0xbc1 ./ADC_program.o

.stab.excl
 *(.stab.excl)

.stab.exclstr
 *(.stab.exclstr)

.stab.index
 *(.stab.index)

.stab.indexstr
 *(.stab.indexstr)

.comment
 *(.comment)

.debug
 *(.debug)

.line
 *(.line)

.debug_srcinfo
 *(.debug_srcinfo)

.debug_sfnames
 *(.debug_sfnames)

.debug_aranges
 *(.debug_aranges)

.debug_pubnames
 *(.debug_pubnames)

.debug_info
 *(.debug_info)
 *(.gnu.linkonce.wi.*)

.debug_abbrev
 *(.debug_abbrev)

.debug_line
 *(.debug_line)

.debug_frame
 *(.debug_frame)

.debug_str
 *(.debug_str)

.debug_loc
 *(.debug_loc)

.debug_macinfo
 *(.debug_macinfo)
OUTPUT(TIMER_ALL.elf elf32-avr)
LOAD linker stubs
